{
  "ObserverId": 1,
  "Observer": null,
  "TargetId": 2,
  "Target": null
}
