{
  "Name": "Liam Hale",
  "Username": "liam",
  "CommentsCount": 2,
  "FollowersCount": 0,
  "PostsCount": 1,
  "Following": false
}
