// Jest Snapshot v1, https://goo.gl/fbAQLP

exports[`useTagList given a search filter fetches tags 1`] = `"/api/v1/tags?filter=tag-on&pageNumber=1&pageSize=10"`;

exports[`useTagList given a search filter fetches tags 2`] = `
Array [
  Object {
    "name": "tag-one",
  },
]
`;
