// Vitest Snapshot v1

exports[`useCreateComment > creates comment 1`] = `"{\\"slug\\":\\"mock-post\\",\\"message\\":\\"Test comment!\\"}"`;
