{
  "Name": "Liam Hale",
  "Username": "liam",
  "Email": "liam.hale@test.com"
}
