{
  "ObserverId": 1,
  "Observer": null,
  "PostId": 1,
  "Post": null
}
