{
  "Id": 5,
  "Message": "Test comment",
  "CreatedAt": "2022-03-18T11:33:49.013047Z",
  "AuthorId": 1,
  "Author": null,
  "PostId": 1,
  "Post": null
}
