{
  "Id": 1,
  "Slug": "test-post-title",
  "Title": "Test post title",
  "Body": "Test post body",
  "CreatedAt": "2021-11-15T21:56:26.186852+00:00",
  "UpdatedAt": "2021-11-15T21:56:26.186852+00:00",
  "AuthorId": 1,
  "Author": null
}
