{
  "Items": [],
  "PageNumber": 1,
  "TotalPages": 0,
  "TotalCount": 0,
  "HasPreviousPage": false,
  "HasNextPage": false
}
