{
  "Id": 1,
  "Slug": "test-post-one",
  "Title": "Updated title",
  "Body": "Test Post One Body",
  "CreatedAt": "2021-01-01T00:00:00",
  "UpdatedAt": "2022-03-18T11:31:46.481778Z",
  "AuthorId": 1,
  "Author": {
    "Id": 1,
    "Name": "Liam Hale",
    "Username": "liam",
    "Email": "liam.hale@test.com",
    "Hash": "AAAAAAAAAAAAAAAAAAAAAAAAAAAAAAAAAAAAAAAAAAAAAAAAAAAAAAAAAAAAAAAAAAAAAAAAAAAAAAAAAAAAAA==",
    "Salt": "AAAAAAAAAAAAAAAAAAAAAAAAAAAAAAAAAAAAAAAAAAAAAAAAAAAAAAAAAAAAAAAAAAAAAAAAAAAAAAAAAAAAAA==",
    "Comments": [
      {
        "Id": 1,
        "Message": "Mock comment one",
        "CreatedAt": "0001-01-01T00:00:00",
        "AuthorId": 1,
        "PostId": 1
      },
      {
        "Id": 2,
        "Message": "Mock comment two",
        "CreatedAt": "0001-01-01T00:00:00",
        "AuthorId": 1,
        "PostId": 1
      }
    ],
    "Following": null,
    "Followers": null,
    "Likes": null,
    "Posts": []
  },
  "Comments": [
    {
      "Id": 1,
      "Message": "Mock comment one",
      "CreatedAt": "0001-01-01T00:00:00",
      "AuthorId": 1,
      "Author": {
        "Id": 1,
        "Name": "Liam Hale",
        "Username": "liam",
        "Email": "liam.hale@test.com",
        "Hash": "AAAAAAAAAAAAAAAAAAAAAAAAAAAAAAAAAAAAAAAAAAAAAAAAAAAAAAAAAAAAAAAAAAAAAAAAAAAAAAAAAAAAAA==",
        "Salt": "AAAAAAAAAAAAAAAAAAAAAAAAAAAAAAAAAAAAAAAAAAAAAAAAAAAAAAAAAAAAAAAAAAAAAAAAAAAAAAAAAAAAAA==",
        "Comments": [
          {
            "Id": 2,
            "Message": "Mock comment two",
            "CreatedAt": "0001-01-01T00:00:00",
            "AuthorId": 1,
            "PostId": 1
          }
        ],
        "Following": null,
        "Followers": null,
        "Likes": null,
        "Posts": []
      },
      "PostId": 1
    },
    {
      "Id": 2,
      "Message": "Mock comment two",
      "CreatedAt": "0001-01-01T00:00:00",
      "AuthorId": 1,
      "Author": {
        "Id": 1,
        "Name": "Liam Hale",
        "Username": "liam",
        "Email": "liam.hale@test.com",
        "Hash": "AAAAAAAAAAAAAAAAAAAAAAAAAAAAAAAAAAAAAAAAAAAAAAAAAAAAAAAAAAAAAAAAAAAAAAAAAAAAAAAAAAAAAA==",
        "Salt": "AAAAAAAAAAAAAAAAAAAAAAAAAAAAAAAAAAAAAAAAAAAAAAAAAAAAAAAAAAAAAAAAAAAAAAAAAAAAAAAAAAAAAA==",
        "Comments": [
          {
            "Id": 1,
            "Message": "Mock comment one",
            "CreatedAt": "0001-01-01T00:00:00",
            "AuthorId": 1,
            "PostId": 1
          }
        ],
        "Following": null,
        "Followers": null,
        "Likes": null,
        "Posts": []
      },
      "PostId": 1
    },
    {
      "Id": 3,
      "Message": "Mock comment three",
      "CreatedAt": "0001-01-01T00:00:00",
      "AuthorId": 2,
      "Author": null,
      "PostId": 1
    },
    {
      "Id": 4,
      "Message": "Mock comment four",
      "CreatedAt": "0001-01-01T00:00:00",
      "AuthorId": 2,
      "Author": null,
      "PostId": 1
    }
  ],
  "Likes": [],
  "PostTags": [
    {
      "PostId": 1,
      "TagId": "programming",
      "Tag": null
    }
  ]
}
