// Vitest Snapshot v1

exports[`useEditPost > edits post and navigates to slug 1`] = `"{\\"title\\":\\"Test Post\\",\\"body\\":\\"Test post body\\",\\"slug\\":\\"test-post\\",\\"tags\\":[\\"tag-one\\"]}"`;
